born(?a, ?b) => born_at(?a, ?b);
die(?a, ?b) => die(?a, ?b);
name(?a, ?b) => name(?a, ?b);
at_time(?e, ?f) and subject(?e, ?sub1) and subject(?f, ?sub2) and isa(?f, Die) and name(?sub1, ?nn) => time_property(?sub1, ?t) and die(?sub2, ?t);
subject(?e, ?s) and subject(?e, ?t) and name(?s, ?n) => name(?t, ?n);
isa(?a, ?b) => true();
subject(?a, ?b) => true();
object(?a, ?b) => true();
tense(?a, ?b) => true();
reference(?a) => true();
let(?a, ?b) => true();
aggregate(?a, ?b) => true();
isa(?s, Author) and belong_to(?s, ?o) => author(?s, ?o);
isa(?e, Influence) and subject(?e, ?s) and object(?e, ?o) => influence(?s, ?o);
manner(?o, ?q) and isa(?o, Child) => true();
isa(?e, Have) and subject(?e, ?s) and object(?e, ?o) and isa(?o, Child) => child(?s, ?o);
location(?e, ?q) and isa(?e, Bear) and object(?e, ?o) => born_in(?o, ?q);
at_time(?e, ?q) and isa(?e, Bear) and object(?e, ?o) => born_at(?o, ?q);
location(?e, ?q) and isa(?e, Die) and subject(?e, ?s) => die_in(?s, ?q);
isa(?child, Daughter) and belong_to(?child, ?parent) => child(?parent, ?child);
isa(?child, Child) and belong_to(?child, ?parent) => child(?parent, ?child);